                :-) GROMACS - gmx mdrun, 2024.3-plumed_2.10b (-:

Copyright 1991-2024 The GROMACS Authors.
GROMACS is free software; you can redistribute it and/or modify it
under the terms of the GNU Lesser General Public License
as published by the Free Software Foundation; either version 2.1
of the License, or (at your option) any later version.

                         Current GROMACS contributors:
       Mark Abraham           Andrey Alekseenko           Vladimir Basov      
      Cathrine Bergh            Eliane Briand               Ania Brown        
      Mahesh Doijade            Giacomo Fiorin          Stefan Fleischmann    
      Sergey Gorelov         Gilles Gouaillardet            Alan Gray         
     M. Eric Irrgang         Farzaneh Jalalypour            Joe Jordan        
     Carsten Kutzner           Justin A. Lemkul          Magnus Lundborg      
       Pascal Merz              Vedran Miletic            Dmitry Morozov      
       Julien Nabet              Szilard Pall        Andrea Pasquadibisceglie 
    Michele Pellegrino          Hubert Santuz             Roland Schulz       
     Tatiana Shugaeva          Alexey Shvetsov            Philip Turner       
     Alessandra Villa      Sebastian Wingbermuehle  

                         Previous GROMACS contributors:
        Emile Apol             Rossen Apostolov           James Barnett       
        Paul Bauer          Herman J.C. Berendsen          Par Bjelkmar       
      Christian Blau          Viacheslav Bolnykh            Kevin Boyd        
    Aldert van Buuren          Carlo Camilloni           Rudi van Drunen      
      Anton Feenstra           Oliver Fleetwood            Vytas Gapsys       
       Gaurav Garg             Gerrit Groenhof            Bert de Groot       
      Anca Hamuraru           Vincent Hindriksen          Victor Holanda      
     Aleksei Iupinov          Christoph Junghans        Prashanth Kanduri     
   Dimitrios Karkoulis           Peter Kasson             Sebastian Kehl      
     Sebastian Keller             Jiri Kraus               Per Larsson        
      Viveca Lindahl            Erik Marklund           Pieter Meulenhoff     
      Teemu Murtola              Sander Pronk             Michael Shirts      
      Alfons Sijbers            Balint Soproni         David van der Spoel    
      Peter Tieleman            Carsten Uphoff             Jon Vincent        
     Teemu Virolainen         Christian Wennberg           Maarten Wolf       
      Artem Zhmurov       

                  Coordinated by the GROMACS project leaders:
                           Berk Hess and Erik Lindahl

GROMACS:      gmx mdrun, version 2024.3-plumed_2.10b
Executable:   /gromacs/AVX2_256_ts/bin/gmx
Data prefix:  /gromacs/AVX2_256_ts
Working dir:  /mddash/dwxwt
Process ID:   23
Command line:
  gmx mdrun -ntomp 1 -nb cpu -pme cpu -deffnm md

GROMACS version:     2024.3-plumed_2.10b
Precision:           mixed
Memory model:        64 bit
MPI library:         MPI
MPI library version: Open MPI v4.1.6, package: Debian OpenMPI, ident: 4.1.6, repo rev: v4.1.6, Sep 30, 2023
OpenMP support:      enabled (GMX_OPENMP_MAX_THREADS = 128)
GPU support:         CUDA
NBNxM GPU setup:     super-cluster 2x2x2 / cluster 8
SIMD instructions:   AVX2_256
CPU FFT library:     fftw-3.3.8-sse2-avx-avx2-avx2_128
GPU FFT library:     cuFFT
Multi-GPU FFT:       none
RDTSCP usage:        enabled
TNG support:         enabled
Hwloc support:       disabled
Tracing support:     disabled
C compiler:          /usr/bin/gcc GNU 13.2.0
C compiler flags:    -fexcess-precision=fast -funroll-all-loops -mavx2 -mfma -Wno-missing-field-initializers -O3 -DNDEBUG
C++ compiler:        /usr/bin/g++ GNU 13.2.0
C++ compiler flags:  -fexcess-precision=fast -funroll-all-loops -mavx2 -mfma -Wno-missing-field-initializers -Wno-cast-function-type-strict SHELL:-fopenmp -O3 -DNDEBUG
BLAS library:        External - detected on the system
LAPACK library:      Internal
CUDA compiler:       /usr/local/cuda/bin/nvcc nvcc: NVIDIA (R) Cuda compiler driver;Copyright (c) 2005-2024 NVIDIA Corporation;Built on Thu_Sep_12_02:18:05_PDT_2024;Cuda compilation tools, release 12.6, V12.6.77;Build cuda_12.6.r12.6/compiler.34841621_0
CUDA compiler flags:-std=c++17;--generate-code=arch=compute_50,code=sm_50;--generate-code=arch=compute_52,code=sm_52;--generate-code=arch=compute_60,code=sm_60;--generate-code=arch=compute_61,code=sm_61;--generate-code=arch=compute_70,code=sm_70;--generate-code=arch=compute_75,code=sm_75;--generate-code=arch=compute_80,code=sm_80;--generate-code=arch=compute_86,code=sm_86;--generate-code=arch=compute_89,code=sm_89;--generate-code=arch=compute_90,code=sm_90;-Wno-deprecated-gpu-targets;--generate-code=arch=compute_53,code=sm_53;--generate-code=arch=compute_80,code=sm_80;-use_fast_math;-Xptxas;-warn-double-usage;-Xptxas;-Werror;-D_FORCE_INLINES;-Xcompiler;-fopenmp;-fexcess-precision=fast -funroll-all-loops -mavx2 -mfma -Wno-missing-field-initializers -Wno-cast-function-type-strict SHELL:-fopenmp -O3 -DNDEBUG
CUDA driver:         0.0
CUDA runtime:        12.60


Running on 1 node with total 10 cores, 20 processing units (GPU detection failed)
Hardware detected on host gromacs-766933ba-870d-4e4b-a6a0-bc591828e77a-rg25n (the node of MPI rank 0):
  CPU info:
    Vendor: Intel
    Brand:  12th Gen Intel(R) Core(TM) i7-12700H
    Family: 6   Model: 154   Stepping: 3
    Features: aes apic avx avx2 clfsh cmov cx8 cx16 f16c fma htt intel lahf mmx msr nonstop_tsc pcid pclmuldq pdpe1gb popcnt pse rdrnd rdtscp sha sse2 sse3 sse4.1 sse4.2 ssse3 tdt x2apic
  Hardware topology: Basic
    Packages, cores, and logical processors:
    [indices refer to OS logical processors]
      Package  0: [   0   1] [   2   3] [   4   5] [   6   7] [   8   9] [  10  11] [  12  13] [  14  15] [  16  17] [  18  19]
    CPU limit set by OS: 1   Recommended max number of threads: 1


++++ PLEASE READ AND CITE THE FOLLOWING REFERENCE ++++
M. J. Abraham, T. Murtola, R. Schulz, S. Páll, J. C. Smith, B. Hess, E.
Lindahl
GROMACS: High performance molecular simulations through multi-level
parallelism from laptops to supercomputers
SoftwareX 1 (2015) pp. 19-25
-------- -------- --- Thank You --- -------- --------


++++ PLEASE READ AND CITE THE FOLLOWING REFERENCE ++++
S. Páll, M. J. Abraham, C. Kutzner, B. Hess, E. Lindahl
Tackling Exascale Software Challenges in Molecular Dynamics Simulations with
GROMACS
In S. Markidis & E. Laure (Eds.), Solving Software Challenges for Exascale 8759 (2015) pp. 3-27
-------- -------- --- Thank You --- -------- --------


++++ PLEASE READ AND CITE THE FOLLOWING REFERENCE ++++
S. Pronk, S. Páll, R. Schulz, P. Larsson, P. Bjelkmar, R. Apostolov, M. R.
Shirts, J. C. Smith, P. M. Kasson, D. van der Spoel, B. Hess, and E. Lindahl
GROMACS 4.5: a high-throughput and highly parallel open source molecular
simulation toolkit
Bioinformatics 29 (2013) pp. 845-54
-------- -------- --- Thank You --- -------- --------


++++ PLEASE READ AND CITE THE FOLLOWING REFERENCE ++++
B. Hess and C. Kutzner and D. van der Spoel and E. Lindahl
GROMACS 4: Algorithms for highly efficient, load-balanced, and scalable
molecular simulation
J. Chem. Theory Comput. 4 (2008) pp. 435-447
-------- -------- --- Thank You --- -------- --------


++++ PLEASE READ AND CITE THE FOLLOWING REFERENCE ++++
D. van der Spoel, E. Lindahl, B. Hess, G. Groenhof, A. E. Mark and H. J. C.
Berendsen
GROMACS: Fast, Flexible and Free
J. Comp. Chem. 26 (2005) pp. 1701-1719
-------- -------- --- Thank You --- -------- --------


++++ PLEASE READ AND CITE THE FOLLOWING REFERENCE ++++
E. Lindahl and B. Hess and D. van der Spoel
GROMACS 3.0: A package for molecular simulation and trajectory analysis
J. Mol. Mod. 7 (2001) pp. 306-317
-------- -------- --- Thank You --- -------- --------


++++ PLEASE READ AND CITE THE FOLLOWING REFERENCE ++++
H. J. C. Berendsen, D. van der Spoel and R. van Drunen
GROMACS: A message-passing parallel molecular dynamics implementation
Comp. Phys. Comm. 91 (1995) pp. 43-56
-------- -------- --- Thank You --- -------- --------


The number of OpenMP threads was set by environment variable OMP_NUM_THREADS to 1 (and the command-line setting agreed with that)

Input Parameters:
   integrator                     = md
   tinit                          = 0
   dt                             = 0.002
   nsteps                         = 50000
   init-step                      = 0
   simulation-part                = 1
   mts                            = false
   mass-repartition-factor        = 1
   comm-mode                      = Linear
   nstcomm                        = 100
   bd-fric                        = 0
   ld-seed                        = -144527361
   emtol                          = 10
   emstep                         = 0.01
   niter                          = 20
   fcstep                         = 0
   nstcgsteep                     = 1000
   nbfgscorr                      = 10
   rtpi                           = 0.05
   nstxout                        = 0
   nstvout                        = 0
   nstfout                        = 0
   nstlog                         = 5000
   nstcalcenergy                  = 100
   nstenergy                      = 5000
   nstxout-compressed             = 5000
   compressed-x-precision         = 1000
   cutoff-scheme                  = Verlet
   nstlist                        = 10
   pbc                            = xyz
   periodic-molecules             = false
   verlet-buffer-tolerance        = 0.005
   verlet-buffer-pressure-tolerance = -1
   rlist                          = 1
   coulombtype                    = PME
   coulomb-modifier               = Potential-shift
   rcoulomb-switch                = 0
   rcoulomb                       = 1
   epsilon-r                      = 1
   epsilon-rf                     = inf
   vdw-type                       = Cut-off
   vdw-modifier                   = Potential-shift
   rvdw-switch                    = 0
   rvdw                           = 1
   DispCorr                       = EnerPres
   table-extension                = 1
   fourierspacing                 = 0.16
   fourier-nx                     = 40
   fourier-ny                     = 40
   fourier-nz                     = 40
   pme-order                      = 4
   ewald-rtol                     = 1e-05
   ewald-rtol-lj                  = 0.001
   lj-pme-comb-rule               = Geometric
   ewald-geometry                 = 3d
   epsilon-surface                = 0
   ensemble-temperature-setting   = constant
   ensemble-temperature           = 300
   tcoupl                         = V-rescale
   nsttcouple                     = 10
   nh-chain-length                = 0
   print-nose-hoover-chain-variables = false
   pcoupl                         = Parrinello-Rahman
   pcoupltype                     = Isotropic
   nstpcouple                     = 50
   tau-p                          = 2
   compressibility (3x3):
      compressibility[    0]={ 4.50000e-05,  0.00000e+00,  0.00000e+00}
      compressibility[    1]={ 0.00000e+00,  4.50000e-05,  0.00000e+00}
      compressibility[    2]={ 0.00000e+00,  0.00000e+00,  4.50000e-05}
   ref-p (3x3):
      ref-p[    0]={ 1.00000e+00,  0.00000e+00,  0.00000e+00}
      ref-p[    1]={ 0.00000e+00,  1.00000e+00,  0.00000e+00}
      ref-p[    2]={ 0.00000e+00,  0.00000e+00,  1.00000e+00}
   refcoord-scaling               = No
   posres-com (3):
      posres-com[0]= 0.00000e+00
      posres-com[1]= 0.00000e+00
      posres-com[2]= 0.00000e+00
   posres-comB (3):
      posres-comB[0]= 0.00000e+00
      posres-comB[1]= 0.00000e+00
      posres-comB[2]= 0.00000e+00
   QMMM                           = false
qm-opts:
   ngQM                           = 0
   constraint-algorithm           = Lincs
   continuation                   = true
   Shake-SOR                      = false
   shake-tol                      = 0.0001
   lincs-order                    = 4
   lincs-iter                     = 1
   lincs-warnangle                = 30
   nwall                          = 0
   wall-type                      = 9-3
   wall-r-linpot                  = -1
   wall-atomtype[0]               = -1
   wall-atomtype[1]               = -1
   wall-density[0]                = 0
   wall-density[1]                = 0
   wall-ewald-zfac                = 3
   pull                           = false
   awh                            = false
   rotation                       = false
   interactiveMD                  = false
   disre                          = No
   disre-weighting                = Conservative
   disre-mixed                    = false
   dr-fc                          = 1000
   dr-tau                         = 0
   nstdisreout                    = 100
   orire-fc                       = 0
   orire-tau                      = 0
   nstorireout                    = 100
   free-energy                    = no
   cos-acceleration               = 0
   deform (3x3):
      deform[    0]={ 0.00000e+00,  0.00000e+00,  0.00000e+00}
      deform[    1]={ 0.00000e+00,  0.00000e+00,  0.00000e+00}
      deform[    2]={ 0.00000e+00,  0.00000e+00,  0.00000e+00}
   simulated-tempering            = false
   swapcoords                     = no
   userint1                       = 0
   userint2                       = 0
   userint3                       = 0
   userint4                       = 0
   userreal1                      = 0
   userreal2                      = 0
   userreal3                      = 0
   userreal4                      = 0
   applied-forces:
     electric-field:
       x:
         E0                       = 0
         omega                    = 0
         t0                       = 0
         sigma                    = 0
       y:
         E0                       = 0
         omega                    = 0
         t0                       = 0
         sigma                    = 0
       z:
         E0                       = 0
         omega                    = 0
         t0                       = 0
         sigma                    = 0
     density-guided-simulation:
       active                     = false
       group                      = protein
       similarity-measure         = inner-product
       atom-spreading-weight      = unity
       force-constant             = 1e+09
       gaussian-transform-spreading-width = 0.2
       gaussian-transform-spreading-range-in-multiples-of-width = 4
       reference-density-filename = reference.mrc
       nst                        = 1
       normalize-densities        = true
       adaptive-force-scaling     = false
       adaptive-force-scaling-time-constant = 4
       shift-vector               = 
       transformation-matrix      = 
     qmmm-cp2k:
       active                     = false
       qmgroup                    = System
       qmmethod                   = PBE
       qmfilenames                = 
       qmcharge                   = 0
       qmmultiplicity             = 1
grpopts:
   nrdf:     687.939     33324.1
   ref-t:         300         300
   tau-t:         0.1         0.1
annealing:          No          No
annealing-npoints:           0           0
   acc:            0           0           0
   nfreeze:           N           N           N
   energygrp-flags[  0]: 0

Changing nstlist from 10 to 50, rlist from 1 to 1.111


Initializing Domain Decomposition on 1 ranks
Dynamic load balancing: auto
Using update groups, nr 5699, average size 3.0 atoms, max. radius 0.104 nm
Minimum cell size due to atom displacement: 0.384 nm
Initial maximum distances in bonded interactions:
    two-body bonded interactions: 0.406 nm, LJ-14, atoms 1 10
  multi-body bonded interactions: 0.406 nm, Proper Dih., atoms 1 10
Minimum cell size due to bonded interactions: 0.447 nm
Using 0 separate PME ranks because: there are too few total ranks for efficient splitting
Optimizing the DD grid for 1 cells with a minimum initial size of 0.447 nm
The maximum allowed number of cells is: X 11 Y 11 Z 9
Domain decomposition grid 1 x 1 x 1, separate PME ranks 0
PME domain decomposition: 1 x 1 x 1

The initial number of communication pulses is:
The initial domain decomposition cell size is:

The maximum allowed distance for atom groups involved in interactions is:
                 non-bonded interactions           1.319 nm
(the following are initial values, they could change due to box deformation)
            two-body bonded interactions  (-rdd)   1.319 nm
          multi-body bonded interactions  (-rdd)   1.319 nm

When dynamic load balancing gets turned on, these settings will change to:
The maximum number of communication pulses is:
The minimum size for domain decomposition cells is 1.319 nm
The requested allowed shrink of DD cells (option -dds) is: 0.80
The allowed shrink of domain decomposition cells is:
The maximum allowed distance for atom groups involved in interactions is:
                 non-bonded interactions           1.319 nm
            two-body bonded interactions  (-rdd)   1.319 nm
          multi-body bonded interactions  (-rdd)   1.319 nm

Using 1 MPI process
Using 1 OpenMP thread 

System total charge: 0.000
Will do PME sum in reciprocal space for electrostatic interactions.

++++ PLEASE READ AND CITE THE FOLLOWING REFERENCE ++++
U. Essmann, L. Perera, M. L. Berkowitz, T. Darden, H. Lee and L. G. Pedersen 
A smooth particle mesh Ewald method
J. Chem. Phys. 103 (1995) pp. 8577-8592
-------- -------- --- Thank You --- -------- --------

Using a Gaussian width (1/beta) of 0.320163 nm for Ewald
Potential shift: LJ r^-12: -1.000e+00 r^-6: -1.000e+00, Ewald -1.000e-05
Initialized non-bonded Coulomb Ewald tables, spacing: 9.33e-04 size: 1073

Generated table with 1055 data points for 1-4 COUL.
Tabscale = 500 points/nm
Generated table with 1055 data points for 1-4 LJ6.
Tabscale = 500 points/nm
Generated table with 1055 data points for 1-4 LJ12.
Tabscale = 500 points/nm
Long Range LJ corr.: <C6> 2.8422e-04


Using SIMD4xM 4x8 nonbonded short-range kernels

Using a dual 4x8 pair-list setup updated with dynamic pruning:
  outer list: updated every 50 steps, buffer 0.111 nm, rlist 1.111 nm
  inner list: updated every 10 steps, buffer 0.000 nm, rlist 1.000 nm
At tolerance 0.005 kJ/mol/ps per atom, equivalent classical 1x1 list would be:
  outer list: updated every 50 steps, buffer 0.237 nm, rlist 1.237 nm
  inner list: updated every 10 steps, buffer 0.036 nm, rlist 1.036 nm

The average pressure is off by at most 0.37 bar due to missing LJ interactions

Using Lorentz-Berthelot Lennard-Jones combination rule

Linking all bonded interactions to atoms


NOTE: OS CPU limit is lower than logical cpu count, thread pinning disabled.

Initializing LINear Constraint Solver

++++ PLEASE READ AND CITE THE FOLLOWING REFERENCE ++++
B. Hess and H. Bekker and H. J. C. Berendsen and J. G. E. M. Fraaije
LINCS: A Linear Constraint Solver for molecular simulations
J. Comp. Chem. 18 (1997) pp. 1463-1472
-------- -------- --- Thank You --- -------- --------

The number of constraints is 128

++++ PLEASE READ AND CITE THE FOLLOWING REFERENCE ++++
S. Miyamoto and P. A. Kollman
SETTLE: An Analytical Version of the SHAKE and RATTLE Algorithms for Rigid
Water Models
J. Comp. Chem. 13 (1992) pp. 952-962
-------- -------- --- Thank You --- -------- --------


++++ PLEASE READ AND CITE THE FOLLOWING REFERENCE ++++
G. Bussi, D. Donadio and M. Parrinello
Canonical sampling through velocity rescaling
J. Chem. Phys. 126 (2007) pp. 014101
-------- -------- --- Thank You --- -------- --------

There are: 16935 Atoms

Atom distribution over 1 domains: av 16935 stddev 0 min 16935 max 16935
Center of mass motion removal mode is Linear
We have the following groups for center of mass motion removal:
  0:  rest

Started mdrun on rank 0 Sat Jul  5 16:18:11 2025

           Step           Time
              0        0.00000

   Energies (kJ/mol)
           Bond          Angle    Proper Dih. Per. Imp. Dih.          LJ-14
    1.95893e+02    5.70653e+02    8.21059e+02    3.37058e+01    2.57600e+02
     Coulomb-14        LJ (SR)  Disper. corr.   Coulomb (SR)   Coul. recip.
    4.08448e+03    3.44692e+04   -1.99745e+03   -2.65057e+05    1.43632e+03
      Potential    Kinetic En.   Total Energy  Conserved En.    Temperature
   -2.25185e+05    4.28550e+04   -1.82330e+05   -1.82320e+05    3.03086e+02
 Pres. DC (bar) Pressure (bar)   Constr. rmsd
   -1.94507e+02    2.27367e+01    2.77319e-06

           Step           Time
           5000       10.00000

   Energies (kJ/mol)
           Bond          Angle    Proper Dih. Per. Imp. Dih.          LJ-14
    2.30598e+02    5.87681e+02    8.37668e+02    3.33064e+01    2.58821e+02
     Coulomb-14        LJ (SR)  Disper. corr.   Coulomb (SR)   Coul. recip.
    4.13299e+03    3.42691e+04   -1.97573e+03   -2.63412e+05    1.46403e+03
      Potential    Kinetic En.   Total Energy  Conserved En.    Temperature
   -2.23574e+05    4.28062e+04   -1.80768e+05   -1.82186e+05    3.02741e+02
 Pres. DC (bar) Pressure (bar)   Constr. rmsd
   -1.90305e+02   -6.76078e+01    2.98717e-06

           Step           Time
          10000       20.00000

   Energies (kJ/mol)
           Bond          Angle    Proper Dih. Per. Imp. Dih.          LJ-14
    1.54995e+02    6.23636e+02    8.24685e+02    4.91094e+01    2.35442e+02
     Coulomb-14        LJ (SR)  Disper. corr.   Coulomb (SR)   Coul. recip.
    4.08531e+03    3.49666e+04   -1.98518e+03   -2.65524e+05    1.49775e+03
      Potential    Kinetic En.   Total Energy  Conserved En.    Temperature
   -2.25072e+05    4.23054e+04   -1.82766e+05   -1.82055e+05    2.99198e+02
 Pres. DC (bar) Pressure (bar)   Constr. rmsd
   -1.92128e+02   -3.26381e+01    2.80638e-06

           Step           Time
          15000       30.00000

   Energies (kJ/mol)
           Bond          Angle    Proper Dih. Per. Imp. Dih.          LJ-14
    2.85641e+02    5.87003e+02    8.01261e+02    3.21237e+01    2.57216e+02
     Coulomb-14        LJ (SR)  Disper. corr.   Coulomb (SR)   Coul. recip.
    4.04268e+03    3.39797e+04   -1.97665e+03   -2.63735e+05    1.49049e+03
      Potential    Kinetic En.   Total Energy  Conserved En.    Temperature
   -2.24235e+05    4.21591e+04   -1.82076e+05   -1.81761e+05    2.98164e+02
 Pres. DC (bar) Pressure (bar)   Constr. rmsd
   -1.90482e+02   -3.75867e+02    3.63969e-06

           Step           Time
          20000       40.00000

   Energies (kJ/mol)
           Bond          Angle    Proper Dih. Per. Imp. Dih.          LJ-14
    2.66486e+02    5.92631e+02    8.22281e+02    2.72169e+01    2.41687e+02
     Coulomb-14        LJ (SR)  Disper. corr.   Coulomb (SR)   Coul. recip.
    4.00470e+03    3.40549e+04   -1.97753e+03   -2.63361e+05    1.53957e+03
      Potential    Kinetic En.   Total Energy  Conserved En.    Temperature
   -2.23789e+05    4.22195e+04   -1.81569e+05   -1.81520e+05    2.98591e+02
 Pres. DC (bar) Pressure (bar)   Constr. rmsd
   -1.90652e+02   -1.96064e+02    2.85930e-06

           Step           Time
          25000       50.00000

   Energies (kJ/mol)
           Bond          Angle    Proper Dih. Per. Imp. Dih.          LJ-14
    2.22381e+02    6.10425e+02    8.23592e+02    3.32196e+01    2.60098e+02
     Coulomb-14        LJ (SR)  Disper. corr.   Coulomb (SR)   Coul. recip.
    4.08271e+03    3.41340e+04   -1.98385e+03   -2.64863e+05    1.48342e+03
      Potential    Kinetic En.   Total Energy  Conserved En.    Temperature
   -2.25197e+05    4.25912e+04   -1.82606e+05   -1.81373e+05    3.01220e+02
 Pres. DC (bar) Pressure (bar)   Constr. rmsd
   -1.91870e+02   -3.21991e+02    4.57729e-06

           Step           Time
          30000       60.00000

   Energies (kJ/mol)
           Bond          Angle    Proper Dih. Per. Imp. Dih.          LJ-14
    2.33352e+02    5.86910e+02    7.56414e+02    5.12462e+01    2.38271e+02
     Coulomb-14        LJ (SR)  Disper. corr.   Coulomb (SR)   Coul. recip.
    4.02181e+03    3.49652e+04   -2.02356e+03   -2.65684e+05    1.45840e+03
      Potential    Kinetic En.   Total Energy  Conserved En.    Temperature
   -2.25395e+05    4.23445e+04   -1.83051e+05   -1.81144e+05    2.99475e+02
 Pres. DC (bar) Pressure (bar)   Constr. rmsd
   -1.99618e+02    2.65892e+02    2.75507e-06

           Step           Time
          35000       70.00000

   Energies (kJ/mol)
           Bond          Angle    Proper Dih. Per. Imp. Dih.          LJ-14
    2.33710e+02    5.81866e+02    7.92785e+02    3.91698e+01    2.21727e+02
     Coulomb-14        LJ (SR)  Disper. corr.   Coulomb (SR)   Coul. recip.
    3.93903e+03    3.49686e+04   -1.97356e+03   -2.64895e+05    1.51254e+03
      Potential    Kinetic En.   Total Energy  Conserved En.    Temperature
   -2.24579e+05    4.24844e+04   -1.82094e+05   -1.80840e+05    3.00464e+02
 Pres. DC (bar) Pressure (bar)   Constr. rmsd
   -1.89887e+02   -4.58383e+01    2.37222e-06

           Step           Time
          40000       80.00000

   Energies (kJ/mol)
           Bond          Angle    Proper Dih. Per. Imp. Dih.          LJ-14
    2.03790e+02    6.26735e+02    7.67328e+02    3.98112e+01    2.89052e+02
     Coulomb-14        LJ (SR)  Disper. corr.   Coulomb (SR)   Coul. recip.
    4.07236e+03    3.47368e+04   -1.98840e+03   -2.64838e+05    1.53246e+03
      Potential    Kinetic En.   Total Energy  Conserved En.    Temperature
   -2.24558e+05    4.16209e+04   -1.82937e+05   -1.80564e+05    2.94358e+02
 Pres. DC (bar) Pressure (bar)   Constr. rmsd
   -1.92750e+02    1.26848e+01    2.39817e-06

           Step           Time
          45000       90.00000

   Energies (kJ/mol)
           Bond          Angle    Proper Dih. Per. Imp. Dih.          LJ-14
    1.93074e+02    5.97450e+02    7.34683e+02    4.93927e+01    2.37900e+02
     Coulomb-14        LJ (SR)  Disper. corr.   Coulomb (SR)   Coul. recip.
    4.01371e+03    3.50210e+04   -2.00508e+03   -2.65390e+05    1.44538e+03
      Potential    Kinetic En.   Total Energy  Conserved En.    Temperature
   -2.25103e+05    4.25349e+04   -1.82568e+05   -1.80499e+05    3.00821e+02
 Pres. DC (bar) Pressure (bar)   Constr. rmsd
   -1.95994e+02    2.15317e+02    2.99946e-06

           Step           Time
          50000      100.00000

Writing checkpoint, step 50000 at Sat Jul  5 16:26:40 2025


   Energies (kJ/mol)
           Bond          Angle    Proper Dih. Per. Imp. Dih.          LJ-14
    2.37721e+02    5.67927e+02    7.66191e+02    3.09424e+01    2.57728e+02
     Coulomb-14        LJ (SR)  Disper. corr.   Coulomb (SR)   Coul. recip.
    4.01318e+03    3.53942e+04   -1.98748e+03   -2.65611e+05    1.48095e+03
      Potential    Kinetic En.   Total Energy  Conserved En.    Temperature
   -2.24849e+05    4.20212e+04   -1.82828e+05   -1.80334e+05    2.97188e+02
 Pres. DC (bar) Pressure (bar)   Constr. rmsd
   -1.92572e+02    1.53867e+02    2.35943e-06


Energy conservation over simulation part #1 of length 100 ps, time 0 to 100 ps
  Conserved energy drift: 1.17e-03 kJ/mol/ps per atom


        <======  ###############  ==>
        <====  A V E R A G E S  ====>
        <==  ###############  ======>

        Statistics over 50001 steps using 501 frames

   Energies (kJ/mol)
           Bond          Angle    Proper Dih. Per. Imp. Dih.          LJ-14
    2.20129e+02    5.70660e+02    8.04379e+02    3.64114e+01    2.53820e+02
     Coulomb-14        LJ (SR)  Disper. corr.   Coulomb (SR)   Coul. recip.
    4.04971e+03    3.46529e+04   -1.99323e+03   -2.65005e+05    1.46302e+03
      Potential    Kinetic En.   Total Energy  Conserved En.    Temperature
   -2.24947e+05    4.23784e+04   -1.82569e+05   -1.81342e+05    2.99715e+02
 Pres. DC (bar) Pressure (bar)   Constr. rmsd
   -1.93697e+02    2.40293e+00    0.00000e+00

          Box-X          Box-Y          Box-Z
    6.23142e+00    6.23142e+00    4.40628e+00

   Total Virial (kJ/mol)
    1.40704e+04   -1.92525e+01    3.42079e+01
   -1.93197e+01    1.41267e+04   -3.29779e+01
    3.42383e+01   -3.29834e+01    1.41595e+04

   Pressure (bar)
    1.14642e+01    4.83538e+00   -8.67288e+00
    4.84841e+00   -4.88105e-01    5.03504e+00
   -8.67875e+00    5.03614e+00   -3.76730e+00

      T-Protein  T-non-Protein
    2.98388e+02    2.99742e+02


        M E G A - F L O P S   A C C O U N T I N G

 NB=Group-cutoff nonbonded kernels    NxN=N-by-N cluster Verlet kernels
 RF=Reaction-Field  VdW=Van der Waals  QSTab=quadratic-spline table
 W3=SPC/TIP3p  W4=TIP4p (single or pairs)
 V&F=Potential and force  V=Potential only  F=Force only

 Computing:                               M-Number         M-Flops  % Flops
-----------------------------------------------------------------------------
 Pair Search distance check            6258.501936       56326.517     0.2
 NxN Ewald Elec. + LJ [F]            273832.130160    18072920.591    49.7
 NxN Ewald Elec. + LJ [V&F]            2771.391392      296538.879     0.8
 NxN Ewald Elec. [F]                 264748.612080    16149665.337    44.4
 NxN Ewald Elec. [V&F]                 2679.477312      225076.094     0.6
 1,4 nonbonded interactions              35.900718        3231.065     0.0
 Calc Weights                          2540.300805       91450.829     0.3
 Spread Q Bspline                     54193.083840      108386.168     0.3
 Gather F Bspline                     54193.083840      325158.503     0.9
 3D-FFT                              102183.043620      817464.349     2.2
 Solve PME                             1680.033600      107522.150     0.3
 Reset In Box                            16.935000          50.805     0.0
 CG-CoM                                  16.951935          50.856     0.0
 Bonds                                    7.500150         442.509     0.0
 Angles                                  25.100502        4216.884     0.0
 Propers                                 38.100762        8725.074     0.0
 Impropers                                3.000060         624.012     0.0
 Virial                                  16.996980         305.946     0.0
 Stop-CM                                  8.484435          84.844     0.0
 Calc-Ekin                              169.383870        4573.364     0.0
 Lincs                                    6.400128         384.008     0.0
 Lincs-Mat                               29.400588         117.602     0.0
 Constraint-V                           845.916918        7613.252     0.0
 Constraint-Vir                          16.806790         403.363     0.0
 Settle                                 277.705554      102751.055     0.3
-----------------------------------------------------------------------------
 Total                                                36384084.057   100.0
-----------------------------------------------------------------------------


    D O M A I N   D E C O M P O S I T I O N   S T A T I S T I C S

 av. #atoms communicated per step for force:  2 x 0.0


      R E A L   C Y C L E   A N D   T I M E   A C C O U N T I N G

On 1 MPI rank

 Activity:              Num   Num      Call    Wall time         Giga-Cycles
                        Ranks Threads  Count      (s)         total sum    %
--------------------------------------------------------------------------------
 Domain decomp.            1    1       1000       1.989          5.345   0.4
 Neighbor search           1    1       1001      23.295         62.614   4.6
 Force                     1    1      50001     400.675       1076.964  78.7
 PME mesh                  1    1      50001      66.779        179.495  13.1
 NB X/F buffer ops.        1    1      99001       4.309         11.581   0.8
 Write traj.               1    1         11       0.026          0.071   0.0
 Update                    1    1      50001       3.775         10.148   0.7
 Constraints               1    1      50001       5.400         14.514   1.1
 Rest                                              2.702          7.263   0.5
--------------------------------------------------------------------------------
 Total                                           508.950       1367.994 100.0
--------------------------------------------------------------------------------
 Breakdown of PME mesh activities
--------------------------------------------------------------------------------
 PME spread                1    1      50001      29.078         78.158   5.7
 PME gather                1    1      50001      17.936         48.210   3.5
 PME 3D-FFT                1    1     100002      16.920         45.479   3.3
 PME solve Elec            1    1      50001       2.442          6.563   0.5
--------------------------------------------------------------------------------

               Core t (s)   Wall t (s)        (%)
       Time:      508.950      508.950      100.0
                 (ns/day)    (hour/ns)
Performance:       16.976        1.414
Finished mdrun on rank 0 Sat Jul  5 16:26:40 2025
